  console.log
    Loading express...

      at log (tests/debug_import.test.js:5:21)

  console.log
    SUCCESS: express

      at log (tests/debug_import.test.js:7:21)

  console.log
    Loading cors...

      at log (tests/debug_import.test.js:5:21)

  console.log
    SUCCESS: cors

      at log (tests/debug_import.test.js:7:21)

  console.log
    Loading helmet...

      at log (tests/debug_import.test.js:5:21)

  console.log
    SUCCESS: helmet

      at log (tests/debug_import.test.js:7:21)

  console.log
    Loading morgan...

      at log (tests/debug_import.test.js:5:21)

  console.log
    SUCCESS: morgan

      at log (tests/debug_import.test.js:7:21)

  console.log
    Loading dotenv...

      at log (tests/debug_import.test.js:5:21)

  console.log
    SUCCESS: dotenv

      at log (tests/debug_import.test.js:7:21)

  console.log
    Loading database...

      at log (tests/debug_import.test.js:5:21)

  console.log
    SUCCESS: database

      at log (tests/debug_import.test.js:7:21)

  console.log
    Loading errorHandler...

      at log (tests/debug_import.test.js:5:21)

  console.error
    FAILURE: errorHandler Jest encountered an unexpected token
    
    Jest failed to parse a file. This happens e.g. when your code or its dependencies use non-standard JavaScript syntax, or when Jest is not configured to support such syntax.
    
    Out of the box Jest supports Babel, which will be used to transform your files into valid JS based on your Babel configuration.
    
    By default "node_modules" folder is ignored by transformers.
    
    Here's what you can do:
     • If you are trying to use ECMAScript Modules, see https://jestjs.io/docs/ecmascript-modules for how to enable it.
     • If you are trying to use TypeScript, see https://jestjs.io/docs/getting-started#using-typescript
     • To have some of your "node_modules" files transformed, you can specify a custom "transformIgnorePatterns" in your config.
     • If you need a custom transformation specify a "transform" option in your config.
     • If you simply want to mock your non-JS modules (e.g. binary assets) you can stub them out with the "moduleNameMapper" config option.
    
    You'll find more details and examples of these config options in the docs:
    https://jestjs.io/docs/configuration
    For information about custom transformations, see:
    https://jestjs.io/docs/code-transformation
    
    Details:
    
    C:\xampp\htdocs\SKU-Inventory-Manager\backend\src\config\logger.js:12
    const _filename = (0, _url.fileURLToPath)(import.meta.url);
                                                     ^^^^
    
    SyntaxError: Cannot use 'import.meta' outside a module
        at new Script (node:vm:117:7)
        at Runtime.createScriptFromCode (C:\xampp\htdocs\SKU-Inventory-Manager\backend\node_modules\jest-runtime\build\index.js:1505:14)
        at Runtime._execModule (C:\xampp\htdocs\SKU-Inventory-Manager\backend\node_modules\jest-runtime\build\index.js:1399:25)
        at Runtime._loadModule (C:\xampp\htdocs\SKU-Inventory-Manager\backend\node_modules\jest-runtime\build\index.js:1022:12)
        at Runtime.requireModule (C:\xampp\htdocs\SKU-Inventory-Manager\backend\node_modules\jest-runtime\build\index.js:882:12)
        at Runtime.requireModuleOrMock (C:\xampp\htdocs\SKU-Inventory-Manager\backend\node_modules\jest-runtime\build\index.js:1048:21)
        at Object.require (C:\xampp\htdocs\SKU-Inventory-Manager\backend\src\middleware\errorHandler.js:1:1)
        at Runtime._execModule (C:\xampp\htdocs\SKU-Inventory-Manager\backend\node_modules\jest-runtime\build\index.js:1439:24)
        at Runtime._loadModule (C:\xampp\htdocs\SKU-Inventory-Manager\backend\node_modules\jest-runtime\build\index.js:1022:12)
        at Runtime.requireModule (C:\xampp\htdocs\SKU-Inventory-Manager\backend\node_modules\jest-runtime\build\index.js:882:12)
        at Runtime.requireModuleOrMock (C:\xampp\htdocs\SKU-Inventory-Manager\backend\node_modules\jest-runtime\build\index.js:1048:21)
        at require (C:\xampp\htdocs\SKU-Inventory-Manager\backend\tests\debug_import.test.js:6:13)
        at tryImport (C:\xampp\htdocs\SKU-Inventory-Manager\backend\tests\debug_import.test.js:6:13)
        at Object.<anonymous> (C:\xampp\htdocs\SKU-Inventory-Manager\backend\tests\debug_import.test.js:24:9)

    [0m [90m  7 |[39m             console[33m.[39mlog([32m`SUCCESS: ${name}`[39m)[33m;[39m
     [90m  8 |[39m         } [36mcatch[39m (e) {
    [31m[1m>[22m[39m[90m  9 |[39m             console[33m.[39merror([32m`FAILURE: ${name}`[39m[33m,[39m e)[33m;[39m
     [90m    |[39m                     [31m[1m^[22m[39m
     [90m 10 |[39m             [36mthrow[39m e[33m;[39m
     [90m 11 |[39m         }
     [90m 12 |[39m     }[33m;[39m[0m

      at error (tests/debug_import.test.js:9:21)
      at Object.<anonymous> (tests/debug_import.test.js:24:9)

  console.log
    Loading models...

      at log (tests/debug_import.test.js:5:21)

  console.log
    SUCCESS: models

      at log (tests/debug_import.test.js:7:21)

  console.log
    Loading authRoutes...

      at log (tests/debug_import.test.js:5:21)

  console.error
    FAILURE: authRoutes Jest encountered an unexpected token
    
    Jest failed to parse a file. This happens e.g. when your code or its dependencies use non-standard JavaScript syntax, or when Jest is not configured to support such syntax.
    
    Out of the box Jest supports Babel, which will be used to transform your files into valid JS based on your Babel configuration.
    
    By default "node_modules" folder is ignored by transformers.
    
    Here's what you can do:
     • If you are trying to use ECMAScript Modules, see https://jestjs.io/docs/ecmascript-modules for how to enable it.
     • If you are trying to use TypeScript, see https://jestjs.io/docs/getting-started#using-typescript
     • To have some of your "node_modules" files transformed, you can specify a custom "transformIgnorePatterns" in your config.
     • If you need a custom transformation specify a "transform" option in your config.
     • If you simply want to mock your non-JS modules (e.g. binary assets) you can stub them out with the "moduleNameMapper" config option.
    
    You'll find more details and examples of these config options in the docs:
    https://jestjs.io/docs/configuration
    For information about custom transformations, see:
    https://jestjs.io/docs/code-transformation
    
    Details:
    
    C:\xampp\htdocs\SKU-Inventory-Manager\backend\src\config\logger.js:12
    const _filename = (0, _url.fileURLToPath)(import.meta.url);
                                                     ^^^^
    
    SyntaxError: Cannot use 'import.meta' outside a module
        at new Script (node:vm:117:7)
        at Runtime.createScriptFromCode (C:\xampp\htdocs\SKU-Inventory-Manager\backend\node_modules\jest-runtime\build\index.js:1505:14)
        at Runtime._execModule (C:\xampp\htdocs\SKU-Inventory-Manager\backend\node_modules\jest-runtime\build\index.js:1399:25)
        at Runtime._loadModule (C:\xampp\htdocs\SKU-Inventory-Manager\backend\node_modules\jest-runtime\build\index.js:1022:12)
        at Runtime.requireModule (C:\xampp\htdocs\SKU-Inventory-Manager\backend\node_modules\jest-runtime\build\index.js:882:12)
        at Runtime.requireModuleOrMock (C:\xampp\htdocs\SKU-Inventory-Manager\backend\node_modules\jest-runtime\build\index.js:1048:21)
        at Object.require (C:\xampp\htdocs\SKU-Inventory-Manager\backend\src\config\redis.js:3:1)
        at Runtime._execModule (C:\xampp\htdocs\SKU-Inventory-Manager\backend\node_modules\jest-runtime\build\index.js:1439:24)
        at Runtime._loadModule (C:\xampp\htdocs\SKU-Inventory-Manager\backend\node_modules\jest-runtime\build\index.js:1022:12)
        at Runtime.requireModule (C:\xampp\htdocs\SKU-Inventory-Manager\backend\node_modules\jest-runtime\build\index.js:882:12)
        at Runtime.requireModuleOrMock (C:\xampp\htdocs\SKU-Inventory-Manager\backend\node_modules\jest-runtime\build\index.js:1048:21)
        at Object.require (C:\xampp\htdocs\SKU-Inventory-Manager\backend\src\services\cacheService.js:1:1)
        at Runtime._execModule (C:\xampp\htdocs\SKU-Inventory-Manager\backend\node_modules\jest-runtime\build\index.js:1439:24)
        at Runtime._loadModule (C:\xampp\htdocs\SKU-Inventory-Manager\backend\node_modules\jest-runtime\build\index.js:1022:12)
        at Runtime.requireModule (C:\xampp\htdocs\SKU-Inventory-Manager\backend\node_modules\jest-runtime\build\index.js:882:12)
        at Runtime.requireModuleOrMock (C:\xampp\htdocs\SKU-Inventory-Manager\backend\node_modules\jest-runtime\build\index.js:1048:21)
        at Object.require (C:\xampp\htdocs\SKU-Inventory-Manager\backend\src\services\authService.js:5:1)
        at Runtime._execModule (C:\xampp\htdocs\SKU-Inventory-Manager\backend\node_modules\jest-runtime\build\index.js:1439:24)
        at Runtime._loadModule (C:\xampp\htdocs\SKU-Inventory-Manager\backend\node_modules\jest-runtime\build\index.js:1022:12)
        at Runtime.requireModule (C:\xampp\htdocs\SKU-Inventory-Manager\backend\node_modules\jest-runtime\build\index.js:882:12)
        at Runtime.requireModuleOrMock (C:\xampp\htdocs\SKU-Inventory-Manager\backend\node_modules\jest-runtime\build\index.js:1048:21)
        at Object.require (C:\xampp\htdocs\SKU-Inventory-Manager\backend\src\controllers\authController.js:1:1)
        at Runtime._execModule (C:\xampp\htdocs\SKU-Inventory-Manager\backend\node_modules\jest-runtime\build\index.js:1439:24)
        at Runtime._loadModule (C:\xampp\htdocs\SKU-Inventory-Manager\backend\node_modules\jest-runtime\build\index.js:1022:12)
        at Runtime.requireModule (C:\xampp\htdocs\SKU-Inventory-Manager\backend\node_modules\jest-runtime\build\index.js:882:12)
        at Runtime.requireModuleOrMock (C:\xampp\htdocs\SKU-Inventory-Manager\backend\node_modules\jest-runtime\build\index.js:1048:21)
        at Object.require (C:\xampp\htdocs\SKU-Inventory-Manager\backend\src\routes\auth.js:2:1)
        at Runtime._execModule (C:\xampp\htdocs\SKU-Inventory-Manager\backend\node_modules\jest-runtime\build\index.js:1439:24)
        at Runtime._loadModule (C:\xampp\htdocs\SKU-Inventory-Manager\backend\node_modules\jest-runtime\build\index.js:1022:12)
        at Runtime.requireModule (C:\xampp\htdocs\SKU-Inventory-Manager\backend\node_modules\jest-runtime\build\index.js:882:12)
        at Runtime.requireModuleOrMock (C:\xampp\htdocs\SKU-Inventory-Manager\backend\node_modules\jest-runtime\build\index.js:1048:21)
        at require (C:\xampp\htdocs\SKU-Inventory-Manager\backend\tests\debug_import.test.js:6:13)
        at tryImport (C:\xampp\htdocs\SKU-Inventory-Manager\backend\tests\debug_import.test.js:6:13)
        at Object.<anonymous> (C:\xampp\htdocs\SKU-Inventory-Manager\backend\tests\debug_import.test.js:36:9)

    [0m [90m  7 |[39m             console[33m.[39mlog([32m`SUCCESS: ${name}`[39m)[33m;[39m
     [90m  8 |[39m         } [36mcatch[39m (e) {
    [31m[1m>[22m[39m[90m  9 |[39m             console[33m.[39merror([32m`FAILURE: ${name}`[39m[33m,[39m e)[33m;[39m
     [90m    |[39m                     [31m[1m^[22m[39m
     [90m 10 |[39m             [36mthrow[39m e[33m;[39m
     [90m 11 |[39m         }
     [90m 12 |[39m     }[33m;[39m[0m

      at error (tests/debug_import.test.js:9:21)
      at Object.<anonymous> (tests/debug_import.test.js:36:9)

FAIL tests/debug_import.test.js
  Debug Server Imports
    √ should load core dependencies (218 ms)
    × should load config and middleware (296 ms)
    √ should load models (64 ms)
    × should load routes (302 ms)

  ● Debug Server Imports › should load config and middleware

    Jest encountered an unexpected token

    Jest failed to parse a file. This happens e.g. when your code or its dependencies use non-standard JavaScript syntax, or when Jest is not configured to support such syntax.

    Out of the box Jest supports Babel, which will be used to transform your files into valid JS based on your Babel configuration.

    By default "node_modules" folder is ignored by transformers.

    Here's what you can do:
     • If you are trying to use ECMAScript Modules, see https://jestjs.io/docs/ecmascript-modules for how to enable it.
     • If you are trying to use TypeScript, see https://jestjs.io/docs/getting-started#using-typescript
     • To have some of your "node_modules" files transformed, you can specify a custom "transformIgnorePatterns" in your config.
     • If you need a custom transformation specify a "transform" option in your config.
     • If you simply want to mock your non-JS modules (e.g. binary assets) you can stub them out with the "moduleNameMapper" config option.

    You'll find more details and examples of these config options in the docs:
    https://jestjs.io/docs/configuration
    For information about custom transformations, see:
    https://jestjs.io/docs/code-transformation

    Details:

    C:\xampp\htdocs\SKU-Inventory-Manager\backend\src\config\logger.js:12
    const _filename = (0, _url.fileURLToPath)(import.meta.url);
                                                     ^^^^

    SyntaxError: Cannot use 'import.meta' outside a module

    [0m[31m[1m>[22m[39m[90m 1 |[39m [36mimport[39m logger [36mfrom[39m [32m'../config/logger.js'[39m[33m;[39m
     [90m   |[39m [31m[1m^[22m[39m
     [90m 2 |[39m
     [90m 3 |[39m [36mexport[39m [36mconst[39m errorHandler [33m=[39m (err[33m,[39m req[33m,[39m res[33m,[39m next) [33m=>[39m {
     [90m 4 |[39m   [36mconst[39m statusCode [33m=[39m err[33m.[39mstatusCode [33m||[39m [35m500[39m[33m;[39m[0m

      at Runtime.createScriptFromCode (node_modules/jest-runtime/build/index.js:1505:14)
      at Object.require (src/middleware/errorHandler.js:1:1)
      at require (tests/debug_import.test.js:6:13)
      at tryImport (tests/debug_import.test.js:6:13)
      at Object.<anonymous> (tests/debug_import.test.js:24:9)

  ● Debug Server Imports › should load routes

    Jest encountered an unexpected token

    Jest failed to parse a file. This happens e.g. when your code or its dependencies use non-standard JavaScript syntax, or when Jest is not configured to support such syntax.

    Out of the box Jest supports Babel, which will be used to transform your files into valid JS based on your Babel configuration.

    By default "node_modules" folder is ignored by transformers.

    Here's what you can do:
     • If you are trying to use ECMAScript Modules, see https://jestjs.io/docs/ecmascript-modules for how to enable it.
     • If you are trying to use TypeScript, see https://jestjs.io/docs/getting-started#using-typescript
     • To have some of your "node_modules" files transformed, you can specify a custom "transformIgnorePatterns" in your config.
     • If you need a custom transformation specify a "transform" option in your config.
     • If you simply want to mock your non-JS modules (e.g. binary assets) you can stub them out with the "moduleNameMapper" config option.

    You'll find more details and examples of these config options in the docs:
    https://jestjs.io/docs/configuration
    For information about custom transformations, see:
    https://jestjs.io/docs/code-transformation

    Details:

    C:\xampp\htdocs\SKU-Inventory-Manager\backend\src\config\logger.js:12
    const _filename = (0, _url.fileURLToPath)(import.meta.url);
                                                     ^^^^

    SyntaxError: Cannot use 'import.meta' outside a module

    [0m [90m 1 |[39m [36mimport[39m { createClient } [36mfrom[39m [32m'redis'[39m[33m;[39m
     [90m 2 |[39m [36mimport[39m dotenv [36mfrom[39m [32m'dotenv'[39m[33m;[39m
    [31m[1m>[22m[39m[90m 3 |[39m [36mimport[39m logger [36mfrom[39m [32m'./logger.js'[39m[33m;[39m
     [90m   |[39m [31m[1m^[22m[39m
     [90m 4 |[39m
     [90m 5 |[39m dotenv[33m.[39mconfig()[33m;[39m
     [90m 6 |[39m[0m

      at Runtime.createScriptFromCode (node_modules/jest-runtime/build/index.js:1505:14)
      at Object.require (src/config/redis.js:3:1)
      at Object.require (src/services/cacheService.js:1:1)
      at Object.require (src/services/authService.js:5:1)
      at Object.require (src/controllers/authController.js:1:1)
      at Object.require (src/routes/auth.js:2:1)
      at require (tests/debug_import.test.js:6:13)
      at tryImport (tests/debug_import.test.js:6:13)
      at Object.<anonymous> (tests/debug_import.test.js:36:9)

Test Suites: 1 failed, 1 total
Tests:       2 failed, 2 passed, 4 total
Snapshots:   0 total
Time:        1.373 s, estimated 2 s
Ran all test suites matching /tests\\debug_import.test.js/i.
